// Jest Snapshot v1, https://goo.gl/fbAQLP

exports[`Header component renders Header 1`] = `
<DocumentFragment>
  <div
    class="Header"
  >
    <h1>
      Sailor Moon Character API
    </h1>
    ;
    <a
      href="/"
    >
      Home Page
    </a>
  </div>
</DocumentFragment>
`;
